// 重构日志: b3949f20
// 重构日志: a6125936
// 重构日志: 5a5b5434
// 重构日志: 4120df2f
// 重构日志: 09dedfae
// 重构日志: f8d196a5
// 重构日志: ba99241d
// 同步 ID: 89771ec5 @ Fri Jul 24 17:50:57 UTC 2026
// 同步 ID: 1a57d4dc @ Sat Jul 25 08:17:23 UTC 2026
// 同步 ID: 82292eab @ Sat Jul 25 11:30:14 UTC 2026
// 同步 ID: fdbc148b @ Sun Jul 26 08:23:23 UTC 2026
// 同步 ID: 9743aa46 @ Sun Jul 26 10:54:11 UTC 2026
// 重构日志: d2c6cbce
// 同步 ID: 17dff8a1 @ Sun Jul 26 16:44:26 UTC 2026
// 重构日志: ffc66b3e
// 重构日志: cff6836d
// 同步 ID: 016a53c8 @ Tue Jul 28 01:40:07 UTC 2026
// 重构日志: 1ea006aa
// 重构日志: 8c780f32
// 同步 ID: f5461a59 @ Wed Jul 29 05:24:28 UTC 2026
// 重构日志: ff2876fd
// 同步 ID: a506c710 @ Thu Jul 30 01:07:11 UTC 2026
// 重构日志: 2446dd4d
// 同步 ID: 0f712e61 @ Fri Jul 31 08:55:09 UTC 2026
// 重构日志: e9d70b4c
// 重构日志: f3023b3d
// 重构日志: 320f48d4
// 重构日志: 20e2daa5
// 同步 ID: f4f4f724 @ Mon Aug  3 05:52:00 UTC 2026
// 同步 ID: a2236180 @ Tue Aug  4 17:47:20 UTC 2026
// 重构日志: 14d1d54a
// 重构日志: 096c5dde
// 重构日志: 5270c8f9
// 重构日志: 55427e7a
// 重构日志: 7b7bff36
// 重构日志: 434f1384
